// Jest Snapshot v1, https://goo.gl/fbAQLP

exports[`<Nav/> match snapshot 1`] = `
.c0 {
  color: #ffffff;
  text-align: center;
  line-height: 30px;
  font-size: 18px;
  font-weight: bold;
  margin: 0 10px;
  -webkit-transition: background-color 0.3s;
  transition: background-color 0.3s;
  border-radius: 5px;
}

.c0:active {
  background-color: #fbc02d;
}

.c0 a {
  display: -webkit-box;
  display: -webkit-flex;
  display: -ms-flexbox;
  display: flex;
  width: 100%;
  height: 100%;
  -webkit-align-items: center;
  -webkit-box-align: center;
  -ms-flex-align: center;
  align-items: center;
  -webkit-box-pack: center;
  -webkit-justify-content: center;
  -ms-flex-pack: center;
  justify-content: center;
}

.c2 {
  background-color: #fdd835;
  height: 50px;
  min-width: 180px;
  text-align: center;
  line-height: 30px;
  font-size: 20px;
  font-weight: bold;
  color: white;
  margin: 0 10px;
  -webkit-transition: background-color 0.3s;
  transition: background-color 0.3s;
}

.c2:active {
  background-color: #fbc02d;
}

.c2 a {
  display: -webkit-box;
  display: -webkit-flex;
  display: -ms-flexbox;
  display: flex;
  width: 100%;
  height: 100%;
  -webkit-align-items: center;
  -webkit-box-align: center;
  -ms-flex-align: center;
  align-items: center;
  -webkit-box-pack: center;
  -webkit-justify-content: center;
  -ms-flex-pack: center;
  justify-content: center;
}

.c1 {
  display: -webkit-box;
  display: -webkit-flex;
  display: -ms-flexbox;
  display: flex;
  -webkit-box-pack: center;
  -webkit-justify-content: center;
  -ms-flex-pack: center;
  justify-content: center;
  -webkit-align-items: center;
  -webkit-box-align: center;
  -ms-flex-align: center;
  align-items: center;
  margin-top: 20px;
  margin-bottom: 20px;
}

<Nav>
  <nav
    style={
      Object {
        "margin": "auto",
        "width": "800px",
      }
    }
  >
    <div
      style={
        Object {
          "alignItems": "center",
          "display": "flex",
          "justifyContent": "flex-end",
          "margin": "10px 0",
        }
      }
    >
      <styled.div
        onClick={[Function]}
      >
        <div
          className="c0"
          onClick={[Function]}
        >
          <div>
            <img
              src="image"
            />
            <p />
          </div>
        </div>
      </styled.div>
    </div>
    <div
      style={
        Object {
          "border": "10px solid black",
        }
      }
    >
      <img
        alt="nextjs custom starter"
        src="/background_logo.jpg"
      />
    </div>
    <styled.ul>
      <ul
        className="c1"
      >
        <li>
          <styled.button>
            <button
              className="c2"
            >
              <Link
                href="/"
              >
                <a
                  href="/"
                  onClick={[Function]}
                  onMouseEnter={[Function]}
                >
                  List
                </a>
              </Link>
            </button>
          </styled.button>
          <styled.button
            onClick={[Function]}
          >
            <button
              className="c2"
              onClick={[Function]}
            >
              change-language
            </button>
          </styled.button>
        </li>
      </ul>
    </styled.ul>
  </nav>
</Nav>
`;
